src/controllers/problem.controller.ts(18,65): error TS2345: Argument of type 'string | string[]' is not assignable to parameter of type 'string'.
  Type 'string[]' is not assignable to type 'string'.
src/domain/evaluation/AIEvaluationEngine.ts(3,10): error TS2459: Module '"./SubmissionParser"' declares 'ParsedSubmission' locally, but it is not exported.
src/domain/evaluation/DeterministicEvaluationEngine.ts(3,10): error TS2459: Module '"./SubmissionParser"' declares 'ParsedSubmission' locally, but it is not exported.
src/domain/evaluation/DeterministicEvaluationEngine.ts(11,57): error TS7006: Parameter 'c' implicitly has an 'any' type.
src/domain/evaluation/DeterministicEvaluationEngine.ts(12,85): error TS7006: Parameter 'sc' implicitly has an 'any' type.
src/domain/evaluation/DeterministicEvaluationEngine.ts(31,59): error TS7006: Parameter 'm' implicitly has an 'any' type.
src/domain/evaluation/EvaluationEngine.ts(2,10): error TS2459: Module '"./SubmissionParser"' declares 'ParsedSubmission' locally, but it is not exported.
src/domain/evaluation/SubmissionParser.ts(1,10): error TS2303: Circular definition of import alias 'ClassMetadata'.
src/domain/evaluation/SubmissionParser.ts(1,10): error TS2459: Module '"./SubmissionParser"' declares 'ClassMetadata' locally, but it is not exported.
src/domain/evaluation/SubmissionParser.ts(1,25): error TS2303: Circular definition of import alias 'ParsedSubmission'.
src/domain/evaluation/SubmissionParser.ts(1,25): error TS2459: Module '"./SubmissionParser"' declares 'ParsedSubmission' locally, but it is not exported.
src/domain/evaluation/SubmissionParser.ts(1,43): error TS2724: '"./SubmissionParser"' has no exported member named 'SubmissionParser'. Did you mean 'TextSubmissionParser'?
src/tests/evaluator.test.ts(11,35): error TS7006: Parameter 'c' implicitly has an 'any' type.
